------------------------------------------------------------
TimeQuest Timing Analyzer Summary
------------------------------------------------------------

Type  : Slow 1100mV 85C Model Setup 'KEY[0]'
Slack : -0.513
TNS   : -2.711

Type  : Slow 1100mV 85C Model Hold 'KEY[0]'
Slack : 0.375
TNS   : 0.000

Type  : Slow 1100mV 85C Model Minimum Pulse Width 'KEY[0]'
Slack : -0.394
TNS   : -4.200

Type  : Slow 1100mV 0C Model Setup 'KEY[0]'
Slack : -0.542
TNS   : -2.895

Type  : Slow 1100mV 0C Model Hold 'KEY[0]'
Slack : 0.392
TNS   : 0.000

Type  : Slow 1100mV 0C Model Minimum Pulse Width 'KEY[0]'
Slack : -0.394
TNS   : -4.564

Type  : Fast 1100mV 85C Model Setup 'KEY[0]'
Slack : 0.124
TNS   : 0.000

Type  : Fast 1100mV 85C Model Hold 'KEY[0]'
Slack : 0.182
TNS   : 0.000

Type  : Fast 1100mV 85C Model Minimum Pulse Width 'KEY[0]'
Slack : -0.076
TNS   : -0.604

Type  : Fast 1100mV 0C Model Setup 'KEY[0]'
Slack : 0.173
TNS   : 0.000

Type  : Fast 1100mV 0C Model Hold 'KEY[0]'
Slack : 0.173
TNS   : 0.000

Type  : Fast 1100mV 0C Model Minimum Pulse Width 'KEY[0]'
Slack : -0.078
TNS   : -0.616

------------------------------------------------------------
